reg__27: 
logic__489: 
logic__566: 
logic__252: 
logic__214: 
logic__395: 
datapath__10: 
logic__246: 
ddr_hls_test_addrbkb: 
reg__55: 
case__70: 
case__161: 
logic__78: 
logic__557: 
logic__47: 
case__75: 
logic__364: 
reg__76: 
logic__298: 
reg__81: 
reg__47: 
case__87: 
case__11: 
logic__108: 
reg__87: 
datapath__33: 
case__174: 
logic__270: 
case__82: 
logic__553: 
case__132: 
reg__99: 
reg__128: 
case__81: 
logic__34: 
reg__122: 
reg__68: 
reg__59: 
case__139: 
logic__528: 
logic__515: 
logic__27: 
logic__369: 
case__24: 
reg__56: 
reg__78: 
logic__225: 
logic__351: 
logic__520: 
datapath__18: 
datapath__13: 
ddr_hls_test_gmem_m_axi: 
case__117: 
case__102: 
signinv__5: 
ddr_hls_test_BUS_A_s_axi: 
logic__250: 
case__107: 
logic__317: 
keep__6: 
logic__359: 
logic__237: 
ddr_hls_test_gmem_m_axi_buffer__parameterized0: 
logic__361: 
logic__335: 
reg__71: 
case__89: 
signinv: 
case__112: 
reg__110: 
datapath__2: 
logic__110: 
logic__33: 
case__66: 
logic__356: 
logic__345: 
case__158: 
logic__54: 
logic__111: 
ddr_hls_test_gmem_m_axi_buffer: 
signinv__1: 
case__160: 
case__22: 
logic__238: 
logic__58: 
case__31: 
reg__93: 
case__20: 
reg__14: 
case__57: 
signinv__7: 
reg__80: 
case__23: 
datapath__29: 
ddr_hls_test_gmem_m_axi_fifo__parameterized2: 
reg__133: 
logic__577: 
reg__7: 
logic__51: 
datapath__9: 
logic__231: 
reg__64: 
datapath__20: 
case__25: 
logic__518: 
signinv__10: 
reg__118: 
logic__251: 
counter: 
logic__334: 
logic__459: 
case__168: 
reg__85: 
logic__207: 
dsrl: 
reg__103: 
reg__91: 
reg__37: 
datapath__16: 
keep__4: 
logic__274: 
logic__266: 
reg__114: 
logic__368: 
case__150: 
reg__79: 
case__138: 
logic__533: 
ddr_hls_test_gmem_m_axi_fifo__parameterized1: 
logic__48: 
reg__100: 
reg__70: 
dsrl__1: 
datapath__42: 
logic__90: 
reg__41: 
datapath: 
ddr_hls_test: 
reg__39: 
counter__1: 
logic__432: 
datapath__40: 
reg__17: 
logic__527: 
case__68: 
signinv__2: 
case__104: 
reg__30: 
logic__258: 
logic__491: 
logic__383: 
logic__74: 
logic__63: 
logic__446: 
reg__2: 
reg__61: 
logic__64: 
reg__73: 
reg__54: 
logic__297: 
case__151: 
case__166: 
logic__316: 
case__69: 
logic__381: 
logic__471: 
logic__196: 
datapath__47: 
logic__230: 
case__80: 
logic__524: 
case__154: 
case__99: 
reg__42: 
keep__5: 
keep__1: 
logic__482: 
logic__180: 
case__51: 
case__85: 
logic__158: 
logic__29: 
reg__28: 
case__29: 
reg__102: 
datapath__30: 
logic__82: 
reg__104: 
datapath__43: 
reg__15: 
case__90: 
logic__36: 
logic__218: 
extram: 
datapath__46: 
case__164: 
datapath__1: 
logic__153: 
reg__23: 
logic__374: 
muxpart__21: 
logic__236: 
logic__377: 
reg__19: 
logic__367: 
reg__13: 
reg__125: 
ddr_hls_test_gmem_m_axi_reg_slice: 
datapath__36: 
logic__544: 
logic__232: 
case__73: 
reg__60: 
reg__112: 
logic__424: 
reg__63: 
logic__177: 
reg__10: 
reg__38: 
logic__43: 
case__175: 
logic__273: 
case__36: 
logic__338: 
case__96: 
case__146: 
logic__84: 
case__142: 
reg__53: 
logic__171: 
case__60: 
case__148: 
case__76: 
ddr_hls_test_gmem_m_axi_read: 
logic__554: 
logic__286: 
reg__16: 
reg__74: 
logic__360: 
case__83: 
case__106: 
signinv__3: 
logic__167: 
logic__213: 
logic__42: 
logic__247: 
logic__59: 
reg__26: 
logic__172: 
logic__569: 
logic__44: 
datapath__41: 
logic__212: 
reg__31: 
case__152: 
case__108: 
reg__46: 
logic__282: 
signinv__11: 
case__109: 
case__98: 
reg__84: 
datapath__6: 
logic__450: 
case__55: 
muxpart__20: 
reg__49: 
logic__576: 
reg__121: 
logic__221: 
logic__187: 
extrom: 
reg__77: 
datapath__44: 
logic__460: 
reg__92: 
logic__30: 
reg__35: 
case__103: 
case__91: 
logic__402: 
logic__392: 
datapath__5: 
logic__35: 
case__155: 
logic__573: 
case__16: 
reg__52: 
keep__7: 
logic__548: 
logic__183: 
logic__477: 
logic__49: 
logic__208: 
logic__220: 
logic__257: 
logic__173: 
logic__516: 
logic__344: 
case__113: 
logic__75: 
reg__134: 
logic__490: 
reg__22: 
case__53: 
reg__12: 
reg__117: 
case__65: 
reg__96: 
logic__476: 
logic__388: 
logic__329: 
reg__67: 
logic__431: 
logic__176: 
case__163: 
logic__100: 
datapath__38: 
logic__289: 
logic__199: 
reg__111: 
reg__72: 
reg__3: 
reg__21: 
datapath__45: 
reg__5: 
logic__488: 
case__153: 
case__156: 
logic__472: 
reg__8: 
ddr_hls_test_gmem_m_axi_write: 
case__26: 
case__63: 
datapath__31: 
reg__20: 
logic__157: 
logic__514: 
reg__43: 
case__135: 
muxpart: 
logic__105: 
case__27: 
logic__188: 
case__94: 
reg__69: 
muxpart__19: 
logic__163: 
datapath__14: 
counter__3: 
reg__109: 
logic__89: 
datapath__49: 
reg__58: 
keep__2: 
datapath__25: 
logic__219: 
logic__271: 
reg__83: 
reg: 
reg__124: 
ddr_hls_test_gmem_m_axi_fifo__parameterized0: 
case__133: 
reg__11: 
logic__370: 
case__162: 
logic__451: 
case__165: 
logic__91: 
case__86: 
ddr_hls_test_gmem_m_axi_throttl: 
reg__75: 
logic__226: 
logic__277: 
case__134: 
logic__81: 
logic__45: 
case__72: 
case__145: 
datapath__17: 
logic__508: 
datapath__21: 
datapath__23: 
logic__534: 
logic__552: 
case__62: 
datapath__35: 
logic__181: 
case__52: 
case__58: 
case__77: 
case__170: 
logic__255: 
case__172: 
logic__560: 
reg__44: 
ddr_hls_test_gmem_m_axi_reg_slice__parameterized0: 
reg__120: 
reg__51: 
logic__267: 
extram__1: 
logic__168: 
logic__339: 
case__149: 
datapath__50: 
logic__315: 
case__56: 
reg__132: 
reg__131: 
datapath__8: 
case__35: 
datapath__48: 
case__97: 
muxpart__22: 
datapath__3: 
logic__37: 
logic__159: 
logic__480: 
reg__127: 
keep: 
logic__442: 
reg__136: 
reg__36: 
case__101: 
case__100: 
logic__523: 
datapath__26: 
muxpart__18: 
reg__95: 
logic__50: 
reg__9: 
reg__115: 
reg__106: 
logic__399: 
logic__73: 
reg__1: 
logic__85: 
reg__94: 
logic__94: 
ddr_hls_test_addrbkb_rom: 
datapath__22: 
reg__34: 
logic__382: 
reg__98: 
case__169: 
logic__60: 
case__61: 
reg__129: 
logic__67: 
case__144: 
logic__308: 
datapath__27: 
logic__456: 
case__18: 
logic__72: 
logic__55: 
reg__65: 
dsrl__2: 
logic__519: 
logic__272: 
reg__116: 
case__93: 
case__54: 
logic__464: 
case__92: 
logic__380: 
logic__229: 
logic__481: 
logic__99: 
logic__436: 
reg__135: 
logic__354: 
logic__189: 
logic__202: 
reg__33: 
case__84: 
logic__12: 
logic__521: 
logic__336: 
logic__307: 
reg__97: 
case__67: 
logic__541: 
logic__551: 
logic__40: 
reg__45: 
logic__290: 
reg__6: 
case__71: 
case__159: 
case__105: 
signinv__6: 
case: 
reg__18: 
datapath__34: 
case__147: 
reg__90: 
reg__126: 
case__136: 
reg__105: 
case__78: 
datapath__28: 
logic__242: 
logic__259: 
logic__103: 
reg__57: 
logic__463: 
reg__82: 
reg__107: 
logic__28: 
reg__119: 
reg__123: 
case__79: 
reg__130: 
logic__109: 
case__19: 
case__171: 
datapath__4: 
reg__113: 
reg__40: 
reg__50: 
logic__193: 
datapath__15: 
logic__563: 
reg__32: 
logic__306: 
signinv__9: 
logic__95: 
logic__330: 
logic__507: 
logic__104: 
datapath__32: 
logic__547: 
logic__201: 
reg__108: 
logic__572: 
reg__29: 
logic__389: 
logic__363: 
datapath__39: 
logic__120: 
logic__265: 
reg__86: 
logic__182: 
logic__114: 
case__88: 
case__32: 
logic__241: 
logic__200: 
case__95: 
logic__337: 
case__116: 
logic__362: 
logic__83: 
counter__2: 
logic__435: 
logic__121: 
datapath__7: 
signinv__4: 
reg__4: 
case__21: 
reg__66: 
reg__62: 
logic__117: 
datapath__11: 
logic__285: 
logic__302: 
logic__303: 
logic__540: 
logic__443: 
logic__162: 
case__110: 
logic__355: 
logic__124: 
logic__341: 
logic__526: 
logic__179: 
datapath__12: 
keep__3: 
logic__146: 
logic__278: 
logic__537: 
case__28: 
case__141: 
logic__256: 
logic__398: 
logic__178: 
muxpart__12: 
logic__41: 
reg__101: 
case__167: 
case__17: 
case__64: 
logic__314: 
logic__348: 
signinv__8: 
datapath__24: 
case__74: 
case__157: 
case__137: 
logic__512: 
logic__46: 
logic__186: 
logic__340: 
case__173: 
case__143: 
logic__513: 
ddr_hls_test_gmem_m_axi_fifo: 
reg__48: 
logic__217: 
